________________________________________________________________________________
Frame3DD version: 20140514+               http://frame3dd.sf.net/
GPL Copyright (C) 1992-2015, Henri P. Gavin 
Frame3DD is distributed in the hope that it will be useful but with no warranty.
For details see the GNU Public Licence: http://www.fsf.org/copyleft/gpl.html
________________________________________________________________________________

xframe two-member frame chain (N mm tonne) 
Fri Jul 31 09:09:17 2026
________________________________________________________________________________
In 2D problems the Y-axis is vertical.  In 3D problems the Z-axis is vertical.
________________________________________________________________________________
    3 NODES              1 FIXED NODES        2 FRAME ELEMENTS   1 LOAD CASES   
________________________________________________________________________________
N O D E   D A T A                                           R E S T R A I N T S
  Node       X              Y              Z         radius  Fx Fy Fz Mx My Mz
    1       0.000000       0.000000       0.000000    0.000   1  1  1  1  1  1
    2    3000.000000       0.000000       0.000000    0.000   0  0  0  0  0  0
    3    5000.000000       0.000000       0.000000    0.000   0  0  0  0  0  0
F R A M E   E L E M E N T   D A T A					(local)
  Elmnt  J1    J2     Ax   Asy   Asz    Jxx     Iyy     Izz       E       G roll  density
    1     1     2 1200.0 800.0 700.0 500000.0 8000000.0 6000000.0 210000.0 80769.2   0 7.85e-09
    2     2     3  900.0 600.0 500.0 300000.0 5000000.0 4000000.0  70000.0 26923.1   0 2.70e-09
  Neglect shear deformations.
  Neglect geometric stiffness.

L O A D   C A S E   1   O F   1  ... 

   Gravity X =  0.0    Gravity Y =  0.0    Gravity Z =  0.0 
   1 concentrated loads
   1 uniformly distributed loads
   0 trapezoidally distributed loads
   0 concentrated point loads
   0 temperature loads
   0 prescribed displacements
 N O D A L   L O A D S  +  E Q U I V A L E N T   N O D A L   L O A D S  (global)
  Node        Fx          Fy          Fz          Mxx         Myy         Mzz
     2     100.000    -200.000     300.000       0.000 -100000.004  -66666.668
     3    1100.000   -2200.000    1800.000  100000.000  300000.004 -233333.332
 U N I F O R M   L O A D S						(local)
  Elmnt       Ux               Uy               Uz
     2       0.10000000      -0.20000000       0.30000001

E L A S T I C   S T I F F N E S S   A N A L Y S I S   via  L D L'  decomposition


L O A D   C A S E   1   O F   1  ... 

N O D E   D I S P L A C E M E N T S  					(global)
  Node    X-dsp       Y-dsp       Z-dsp       X-rot       Y-rot       Z-rot
     2    0.014286  -33.928571   20.357143    0.007429   -0.011696   -0.019762
     3    0.049206  -96.071429   55.750000    0.032190   -0.020268   -0.037143
F R A M E   E L E M E N T   E N D   F O R C E S				(local)
  Elmnt  Node       Nx          Vy         Vz        Txx        Myy        Mzz
     1      1  -1200.000t   2400.000  -2100.000 -100000.000 9700000.095 11900000.024
     1      2   1200.000t  -2400.000   2100.000 100000.000 -3400000.024 -4700000.006
     2      2  -1200.000t   2400.000  -2100.000 -100000.000 3400000.024 4700000.006
     2      3   1000.000t  -2000.000   1500.000 100000.000 200000.000 -300000.000
R E A C T I O N S							(global)
  Node        Fx          Fy          Fz         Mxx         Myy         Mzz
     1   -1200.000    2400.000   -2100.000 -100000.000 9700000.095 11900000.024
R M S    R E L A T I V E    E Q U I L I B R I U M    E R R O R: 9.450e-15

P E A K   F R A M E   E L E M E N T   I N T E R N A L   F O R C E S(local)", 
  Elmnt   .         Nx          Vy         Vz        Txx        Myy        Mzz
     1   max    1200.000   -2400.000   2100.000 100000.000 9700000.095 -4700000.006
     1   min    1200.000   -2400.000   2100.000 100000.000 3400000.024 -11900000.024
     2   max    1200.000   -2000.000   2100.000 100000.000 3400000.024 -300000.000
     2   min    1000.000   -2400.000   1500.000 100000.000 -200000.000 -4700000.006

