________________________________________________________________________________
Frame3DD version: 20140514+               http://frame3dd.sf.net/
GPL Copyright (C) 1992-2015, Henri P. Gavin 
Frame3DD is distributed in the hope that it will be useful but with no warranty.
For details see the GNU Public Licence: http://www.fsf.org/copyleft/gpl.html
________________________________________________________________________________

xframe single-bay portal frame (N mm tonne) 
Fri Jul 31 10:20:27 2026
________________________________________________________________________________
In 2D problems the Y-axis is vertical.  In 3D problems the Z-axis is vertical.
________________________________________________________________________________
    4 NODES              2 FIXED NODES        3 FRAME ELEMENTS   1 LOAD CASES   
________________________________________________________________________________
N O D E   D A T A                                           R E S T R A I N T S
  Node       X              Y              Z         radius  Fx Fy Fz Mx My Mz
    1       0.000000       0.000000       0.000000    0.000   1  1  1  1  1  1
    2       0.000000    3000.000000       0.000000    0.000   0  0  0  0  0  0
    3    5000.000000    3000.000000       0.000000    0.000   0  0  0  0  0  0
    4    5000.000000       0.000000       0.000000    0.000   1  1  1  1  1  1
F R A M E   E L E M E N T   D A T A					(local)
  Elmnt  J1    J2     Ax   Asy   Asz    Jxx     Iyy     Izz       E       G roll  density
    1     1     2 1800.0 1200.0 1100.0 700000.0 9000000.0 15000000.0 210000.0 80769.2   0 7.85e-09
    2     2     3 1500.0 1000.0 900.0 600000.0 7000000.0 12000000.0 210000.0 80769.2   0 7.85e-09
    3     4     3 1800.0 1200.0 1100.0 700000.0 9000000.0 15000000.0 210000.0 80769.2   0 7.85e-09
  Neglect shear deformations.
  Neglect geometric stiffness.

L O A D   C A S E   1   O F   1  ... 

   Gravity X =  0.0    Gravity Y =  0.0    Gravity Z =  0.0 
   2 concentrated loads
   0 uniformly distributed loads
   0 trapezoidally distributed loads
   0 concentrated point loads
   0 temperature loads
   0 prescribed displacements
 N O D A L   L O A D S  +  E Q U I V A L E N T   N O D A L   L O A D S  (global)
  Node        Fx          Fy          Fz          Mxx         Myy         Mzz
     2   10000.000   -5000.000    2500.000       0.000       0.000       0.000
     3   10000.000   -5000.000   -2500.000       0.000       0.000       0.000

E L A S T I C   S T I F F N E S S   A N A L Y S I S   via  L D L'  decomposition


L O A D   C A S E   1   O F   1  ... 

N O D E   D I S P L A C E M E N T S  					(global)
  Node    X-dsp       Y-dsp       Z-dsp       X-rot       Y-rot       Z-rot
     2   12.681411   -0.004371   11.478807    0.005696    0.004543   -0.003692
     3   12.681411   -0.074994  -11.478807   -0.005696    0.004543   -0.003692
F R A M E   E L E M E N T   E N D   F O R C E S				(local)
  Elmnt  Node       Nx          Vy         Vz        Txx        Myy        Mzz
     1      1    550.795c  10000.000  -2465.753 -85617.828 7286851.755 18876987.723
     1      2   -550.795c -10000.000   2465.753  85617.828 110406.851 11123012.277
     2      2      0.0     -4449.205     34.247 110406.851 -85617.828 -11123012.277
     2      3      0.0      4449.205    -34.247 -110406.851 -85617.828 -11123012.277
     3      4   9449.205c  10000.000   2465.753 -85617.828 -7286851.755 18876987.723
     3      3  -9449.205c -10000.000  -2465.753  85617.828 -110406.851 11123012.277
R E A C T I O N S							(global)
  Node        Fx          Fy          Fz         Mxx         Myy         Mzz
     1  -10000.000     550.795   -2465.753 -7286851.755  -85617.828 18876987.723
     4  -10000.000    9449.205    2465.753 7286851.755  -85617.828 18876987.723
R M S    R E L A T I V E    E Q U I L I B R I U M    E R R O R: 3.541e-15

P E A K   F R A M E   E L E M E N T   I N T E R N A L   F O R C E S(local)", 
  Elmnt   .         Nx          Vy         Vz        Txx        Myy        Mzz
     1   max    -550.795  -10000.000   2465.753  85617.828 7286851.755 11123012.277
     1   min    -550.795  -10000.000   2465.753  85617.828 -110406.851 -18876987.723
     2   max       0.000    4449.205    -34.247 -110406.851  85617.828 11123012.277
     2   min       0.000    4449.205    -34.247 -110406.851 -85617.828 -11123012.277
     3   max   -9449.205  -10000.000  -2465.753  85617.828 110406.851 11123012.277
     3   min   -9449.205  -10000.000  -2465.753  85617.828 -7286851.755 -18876987.723

