________________________________________________________________________________
Frame3DD version: 20140514+               http://frame3dd.sf.net/
GPL Copyright (C) 1992-2015, Henri P. Gavin 
Frame3DD is distributed in the hope that it will be useful but with no warranty.
For details see the GNU Public Licence: http://www.fsf.org/copyleft/gpl.html
________________________________________________________________________________

xframe two-story two-bay frame (N mm tonne) 
Fri Jul 31 10:20:27 2026
________________________________________________________________________________
In 2D problems the Y-axis is vertical.  In 3D problems the Z-axis is vertical.
________________________________________________________________________________
    9 NODES              3 FIXED NODES       10 FRAME ELEMENTS   1 LOAD CASES   
________________________________________________________________________________
N O D E   D A T A                                           R E S T R A I N T S
  Node       X              Y              Z         radius  Fx Fy Fz Mx My Mz
    1       0.000000       0.000000       0.000000    0.000   1  1  1  1  1  1
    2    4000.000000       0.000000       0.000000    0.000   1  1  1  1  1  1
    3    8000.000000       0.000000       0.000000    0.000   1  1  1  1  1  1
    4       0.000000    3000.000000       0.000000    0.000   0  0  0  0  0  0
    5    4000.000000    3000.000000       0.000000    0.000   0  0  0  0  0  0
    6    8000.000000    3000.000000       0.000000    0.000   0  0  0  0  0  0
    7       0.000000    6000.000000       0.000000    0.000   0  0  0  0  0  0
    8    4000.000000    6000.000000       0.000000    0.000   0  0  0  0  0  0
    9    8000.000000    6000.000000       0.000000    0.000   0  0  0  0  0  0
F R A M E   E L E M E N T   D A T A					(local)
  Elmnt  J1    J2     Ax   Asy   Asz    Jxx     Iyy     Izz       E       G roll  density
    1     1     4 2200.0 1500.0 1400.0 900000.0 12000000.0 22000000.0 210000.0 80769.2   0 7.85e-09
    2     2     5 2200.0 1500.0 1400.0 900000.0 12000000.0 22000000.0 210000.0 80769.2   0 7.85e-09
    3     3     6 2200.0 1500.0 1400.0 900000.0 12000000.0 22000000.0 210000.0 80769.2   0 7.85e-09
    4     4     7 2200.0 1500.0 1400.0 900000.0 12000000.0 22000000.0 210000.0 80769.2   0 7.85e-09
    5     5     8 2200.0 1500.0 1400.0 900000.0 12000000.0 22000000.0 210000.0 80769.2   0 7.85e-09
    6     6     9 2200.0 1500.0 1400.0 900000.0 12000000.0 22000000.0 210000.0 80769.2   0 7.85e-09
    7     4     5 1700.0 1150.0 1050.0 700000.0 8500000.0 16000000.0 210000.0 80769.2   0 7.85e-09
    8     5     6 1700.0 1150.0 1050.0 700000.0 8500000.0 16000000.0 210000.0 80769.2   0 7.85e-09
    9     7     8 1700.0 1150.0 1050.0 700000.0 8500000.0 16000000.0 210000.0 80769.2   0 7.85e-09
   10     8     9 1700.0 1150.0 1050.0 700000.0 8500000.0 16000000.0 210000.0 80769.2   0 7.85e-09
  Neglect shear deformations.
  Neglect geometric stiffness.

L O A D   C A S E   1   O F   1  ... 

   Gravity X =  0.0    Gravity Y =  0.0    Gravity Z =  0.0 
   3 concentrated loads
   0 uniformly distributed loads
   0 trapezoidally distributed loads
   0 concentrated point loads
   0 temperature loads
   0 prescribed displacements
 N O D A L   L O A D S  +  E Q U I V A L E N T   N O D A L   L O A D S  (global)
  Node        Fx          Fy          Fz          Mxx         Myy         Mzz
     7   10000.000  -20000.000    1000.000       0.000       0.000       0.000
     8   10000.000  -20000.000       0.000       0.000       0.000       0.000
     9   10000.000  -20000.000   -1000.000       0.000       0.000       0.000

E L A S T I C   S T I F F N E S S   A N A L Y S I S   via  L D L'  decomposition


L O A D   C A S E   1   O F   1  ... 

N O D E   D I S P L A C E M E N T S  					(global)
  Node    X-dsp       Y-dsp       Z-dsp       X-rot       Y-rot       Z-rot
     4   10.271671   -0.033806    8.349607    0.004983    0.002119   -0.003917
     5   10.283963   -0.129870    0.0         0.0         0.002088   -0.002978
     6   10.271671   -0.225934   -8.349607   -0.004983    0.002119   -0.003917
     7   24.556406   -0.123629   26.556834    0.006585    0.006579   -0.003032
     8   24.533217   -0.259740    0.0         0.0         0.006638   -0.001931
     9   24.556406   -0.395851  -26.556834   -0.006585    0.006579   -0.003032
F R A M E   E L E M E N T   E N D   F O R C E S				(local)
  Elmnt  Node       Nx          Vy         Vz        Txx        Myy        Mzz
     1      1   5206.171c   9027.512   -980.840 -51336.497 5656620.160 19573094.194
     1      4  -5206.171c  -9027.512    980.840  51336.497 -2714099.629 7509442.851
     2      2  20000.000c  11944.975      0.0   -50605.592      0.0   22503176.943
     2      5 -20000.000c -11944.975      0.0    50605.592      0.0   13331748.967
     3      3  34793.829c   9027.512    980.840 -51336.497 -5656620.160 19573094.194
     3      6 -34793.829c  -9027.512   -980.840  51336.497 2714099.629 7509442.851
     4      4  13832.728c   7930.451   -959.199 -108079.309 2784526.362 10532460.725
     4      7 -13832.728c  -7930.451    959.199 108079.309  93071.188 13258891.576
     5      5  20000.000c  14139.098      0.0   -110247.916      0.0   19596905.420
     5      8 -20000.000c -14139.098      0.0   110247.916      0.0   22820389.978
     6      6  26167.272c   7930.451    959.199 -108079.309 -2784526.362 10532460.725
     6      9 -26167.272c  -7930.451   -959.199 108079.309 -93071.188 13258891.576
     7      4  -1097.062t  -8626.558    -21.641  70426.732  56742.812 -18041903.576
     7      5   1097.062t   8626.558     21.641 -70426.732  29821.162 -16464327.193
     8      5   1097.062c  -8626.558    -21.641  70426.732  29821.162 -16464327.193
     8      6  -1097.062c   8626.558     21.641 -70426.732  56742.812 -18041903.576
     9      7   2069.549c  -6167.272     40.801  93071.188 -108079.309 -13258891.576
     9      8  -2069.549c   6167.272    -40.801 -93071.188 -55123.958 -11410194.989
    10      8  -2069.549t  -6167.272     40.801  93071.188 -55123.958 -11410194.989
    10      9   2069.549t   6167.272    -40.801 -93071.188 -108079.309 -13258891.576
R E A C T I O N S							(global)
  Node        Fx          Fy          Fz         Mxx         Myy         Mzz
     1   -9027.512    5206.171    -980.840 -5656620.160  -51336.497 19573094.194
     2  -11944.975   20000.000       0.000       0.000  -50605.592 22503176.943
     3   -9027.512   34793.829     980.840 5656620.160  -51336.497 19573094.194
R M S    R E L A T I V E    E Q U I L I B R I U M    E R R O R: 2.431e-14

P E A K   F R A M E   E L E M E N T   I N T E R N A L   F O R C E S(local)", 
  Elmnt   .         Nx          Vy         Vz        Txx        Myy        Mzz
     1   max   -5206.171   -9027.512    980.840  51336.497 5656620.160 7509442.851
     1   min   -5206.171   -9027.512    980.840  51336.497 2714099.629 -19573094.194
     2   max  -20000.000  -11944.975     -0.000  50605.592     -0.000 13331748.967
     2   min  -20000.000  -11944.975     -0.000  50605.592     -0.000 -22503176.943
     3   max  -34793.829   -9027.512   -980.840  51336.497 -2714099.629 7509442.851
     3   min  -34793.829   -9027.512   -980.840  51336.497 -5656620.160 -19573094.194
     4   max  -13832.728   -7930.451    959.199 108079.309 2784526.362 13258891.576
     4   min  -13832.728   -7930.451    959.199 108079.309 -93071.188 -10532460.725
     5   max  -20000.000  -14139.098     -0.000 110247.916     -0.000 22820389.978
     5   min  -20000.000  -14139.098     -0.000 110247.916     -0.000 -19596905.420
     6   max  -26167.272   -7930.451   -959.199 108079.309  93071.188 13258891.576
     6   min  -26167.272   -7930.451   -959.199 108079.309 -2784526.362 -10532460.725
     7   max    1097.062    8626.558     21.641 -70426.732  56742.812 18041903.576
     7   min    1097.062    8626.558     21.641 -70426.732 -29821.162 -16464327.193
     8   max   -1097.062    8626.558     21.641 -70426.732  29821.162 16464327.193
     8   min   -1097.062    8626.558     21.641 -70426.732 -56742.812 -18041903.576
     9   max   -2069.549    6167.272    -40.801 -93071.188  55123.958 13258891.576
     9   min   -2069.549    6167.272    -40.801 -93071.188 -108079.309 -11410194.989
    10   max    2069.549    6167.272    -40.801 -93071.188 108079.309 11410194.989
    10   min    2069.549    6167.272    -40.801 -93071.188 -55123.958 -13258891.576

