________________________________________________________________________________
Frame3DD version: 20140514+               http://frame3dd.sf.net/
GPL Copyright (C) 1992-2015, Henri P. Gavin 
Frame3DD is distributed in the hope that it will be useful but with no warranty.
For details see the GNU Public Licence: http://www.fsf.org/copyleft/gpl.html
________________________________________________________________________________

xframe external verification cantilever (N mm tonne) 
Fri Jul 31 08:33:31 2026
________________________________________________________________________________
In 2D problems the Y-axis is vertical.  In 3D problems the Z-axis is vertical.
________________________________________________________________________________
    2 NODES              1 FIXED NODES        1 FRAME ELEMENTS   6 LOAD CASES   
________________________________________________________________________________
N O D E   D A T A                                           R E S T R A I N T S
  Node       X              Y              Z         radius  Fx Fy Fz Mx My Mz
    1       0.000000       0.000000       0.000000    0.000   1  1  1  1  1  1
    2    3000.000000       0.000000       0.000000    0.000   0  0  0  0  0  0
F R A M E   E L E M E N T   D A T A					(local)
  Elmnt  J1    J2     Ax   Asy   Asz    Jxx     Iyy     Izz       E       G roll  density
    1     1     2 1200.0 800.0 700.0 500000.0 8000000.0 6000000.0 210000.0 80769.2   0 7.85e-09
  Include shear deformations.
  Neglect geometric stiffness.

L O A D   C A S E   1   O F   6  ... 

   Gravity X =  0.0    Gravity Y =  0.0    Gravity Z =  0.0 
   1 concentrated loads
   0 uniformly distributed loads
   0 trapezoidally distributed loads
   0 concentrated point loads
   0 temperature loads
   0 prescribed displacements
 N O D A L   L O A D S  +  E Q U I V A L E N T   N O D A L   L O A D S  (global)
  Node        Fx          Fy          Fz          Mxx         Myy         Mzz
     2    1000.000   -2000.000    1500.000  100000.000  200000.000 -300000.000

L O A D   C A S E   2   O F   6  ... 

   Gravity X =  0.0    Gravity Y =  0.0    Gravity Z =  0.0 
   0 concentrated loads
   1 uniformly distributed loads
   0 trapezoidally distributed loads
   0 concentrated point loads
   0 temperature loads
   0 prescribed displacements
 N O D A L   L O A D S  +  E Q U I V A L E N T   N O D A L   L O A D S  (global)
  Node        Fx          Fy          Fz          Mxx         Myy         Mzz
     1     300.000    -750.000     450.000       0.000 -225000.009 -375000.000
     2     300.000    -750.000     450.000       0.000  225000.009  375000.000
 U N I F O R M   L O A D S						(local)
  Elmnt       Ux               Uy               Uz
     1       0.20000000      -0.50000000       0.30000001

L O A D   C A S E   3   O F   6  ... 

   Gravity X =  0.0    Gravity Y =  0.0    Gravity Z =  0.0 
   0 concentrated loads
   0 uniformly distributed loads
   1 trapezoidally distributed loads
   0 concentrated point loads
   0 temperature loads
   0 prescribed displacements
 N O D A L   L O A D S  +  E Q U I V A L E N T   N O D A L   L O A D S  (global)
  Node        Fx          Fy          Fz          Mxx         Myy         Mzz
     1      87.889    -308.712      48.651       0.000  -26176.182 -207768.235
     2      52.111    -321.288     -48.651       0.000  -11776.182  217631.783
 T R A P E Z O I D A L   L O A D S					(local)
  Elmnt       x1               x2               W1               W2
     1     300.00000000    1700.00000000       0.05000000       0.15000001  (x)
     1     400.00000000    2200.00000000      -0.10000000      -0.60000002  (y)
     1     800.00000000    2600.00000000       0.20000000      -0.20000000  (z)

L O A D   C A S E   4   O F   6  ... 

   Gravity X =  0.0    Gravity Y =  0.0    Gravity Z =  0.0 
   0 concentrated loads
   0 uniformly distributed loads
   0 trapezoidally distributed loads
   1 concentrated point loads
   0 temperature loads
   0 prescribed displacements
 N O D A L   L O A D S  +  E Q U I V A L E N T   N O D A L   L O A D S  (global)
  Node        Fx          Fy          Fz          Mxx         Myy         Mzz
     1      40.000    -129.234     194.035       0.000 -129052.632  -85851.228
     2      60.000     -70.766     105.965       0.000   86947.368   58148.772
 C O N C E N T R A T E D   P O I N T   L O A D S				(local)
  Elmnt       Px          Py          Pz          x
     1     100.000    -200.000     300.000    1200.000

L O A D   C A S E   5   O F   6  ... 

   Gravity X =  0.0    Gravity Y =  -9806.650    Gravity Z =  0.0 
   0 concentrated loads
   0 uniformly distributed loads
   0 trapezoidally distributed loads
   0 concentrated point loads
   0 temperature loads
   0 prescribed displacements

L O A D   C A S E   6   O F   6  ... 

   Gravity X =  0.0    Gravity Y =  0.0    Gravity Z =  0.0 
   0 concentrated loads
   0 uniformly distributed loads
   0 trapezoidally distributed loads
   0 concentrated point loads
   0 temperature loads
   1 prescribed displacements

 P R E S C R I B E D   D I S P L A C E M E N T S                        (global)
  Node        Dx          Dy          Dz          Dxx         Dyy         Dzz
     1       0.200      -0.100       0.050       0.000      -0.000       0.000

E L A S T I C   S T I F F N E S S   A N A L Y S I S   via  L D L'  decomposition


L O A D   C A S E   1   O F   6  ... 

N O D E   D I S P L A C E M E N T S  					(global)
  Node    X-dsp       Y-dsp       Z-dsp       X-rot       Y-rot       Z-rot
     2    0.011905  -15.450000    7.579592    0.007429   -0.003661   -0.007857
F R A M E   E L E M E N T   E N D   F O R C E S				(local)
  Elmnt  Node       Nx          Vy         Vz        Txx        Myy        Mzz
     1      1  -1000.000t   2000.000  -1500.000 -100000.000 4300000.000 6300000.000
     1      2   1000.000t  -2000.000   1500.000 100000.000 200000.000 -300000.000
R E A C T I O N S							(global)
  Node        Fx          Fy          Fz         Mxx         Myy         Mzz
     1   -1000.000    2000.000   -1500.000 -100000.000 4300000.000 6300000.000
R M S    R E L A T I V E    E Q U I L I B R I U M    E R R O R: 7.102e-16

P E A K   F R A M E   E L E M E N T   I N T E R N A L   F O R C E S(local)", 
  Elmnt   .         Nx          Vy         Vz        Txx        Myy        Mzz
     1   max    1000.000   -2000.000   1500.000 100000.000 4300000.000 -300000.000
     1   min    1000.000   -2000.000   1500.000 100000.000 -200000.000 -6300000.000

L O A D   C A S E   2   O F   6  ... 

N O D E   D I S P L A C E M E N T S  					(global)
  Node    X-dsp       Y-dsp       Z-dsp       X-rot       Y-rot       Z-rot
     2    0.003571   -4.052679    1.831913    0.0        -0.000804   -0.001786
F R A M E   E L E M E N T   E N D   F O R C E S				(local)
  Elmnt  Node       Nx          Vy         Vz        Txx        Myy        Mzz
     1      1   -600.000t   1500.000   -900.000      0.0   1350000.054 2250000.000
     1      2      0.0         0.0        0.0        0.0        0.0        0.0  
R E A C T I O N S							(global)
  Node        Fx          Fy          Fz         Mxx         Myy         Mzz
     1    -600.000    1500.000    -900.000       0.000 1350000.054 2250000.000
R M S    R E L A T I V E    E Q U I L I B R I U M    E R R O R: 9.520e-16

P E A K   F R A M E   E L E M E N T   I N T E R N A L   F O R C E S(local)", 
  Elmnt   .         Nx          Vy         Vz        Txx        Myy        Mzz
     1   max     600.000       0.000    900.000      0.000 1350000.054      0.000
     1   min       0.000   -1500.000      0.000      0.000      0.000 -2250000.000

L O A D   C A S E   3   O F   6  ... 

N O D E   D I S P L A C E M E N T S  					(global)
  Node    X-dsp       Y-dsp       Z-dsp       X-rot       Y-rot       Z-rot
     2    0.000620   -1.532574   -0.231667    0.0         0.000109   -0.000629
F R A M E   E L E M E N T   E N D   F O R C E S				(local)
  Elmnt  Node       Nx          Vy         Vz        Txx        Myy        Mzz
     1      1   -140.000t    630.000      0.0        0.0   -108000.004 954000.039
     1      2      0.0         0.0        0.0        0.0        0.0        0.0  
R E A C T I O N S							(global)
  Node        Fx          Fy          Fz         Mxx         Myy         Mzz
     1    -140.000     630.000       0.000       0.000 -108000.004  954000.039
R M S    R E L A T I V E    E Q U I L I B R I U M    E R R O R: 1.200e-16

P E A K   F R A M E   E L E M E N T   I N T E R N A L   F O R C E S(local)", 
  Elmnt   .         Nx          Vy         Vz        Txx        Myy        Mzz
     1   max     140.500       5.833      2.000      0.000    766.666   8455.561
     1   min      -2.000    -633.333    -91.333      0.000 -108177.781 -954000.039

L O A D   C A S E   4   O F   6  ... 

N O D E   D I S P L A C E M E N T S  					(global)
  Node    X-dsp       Y-dsp       Z-dsp       X-rot       Y-rot       Z-rot
     2    0.000714   -0.301082    0.340397    0.0        -0.000129   -0.000114
F R A M E   E L E M E N T   E N D   F O R C E S				(local)
  Elmnt  Node       Nx          Vy         Vz        Txx        Myy        Mzz
     1      1   -100.000t    200.000   -300.000      0.0   360000.000 240000.000
     1      2      0.0         0.0        0.0        0.0        0.0        0.0  
R E A C T I O N S							(global)
  Node        Fx          Fy          Fz         Mxx         Myy         Mzz
     1    -100.000     200.000    -300.000       0.000  360000.000  240000.000
R M S    R E L A T I V E    E Q U I L I B R I U M    E R R O R: 7.423e-17

P E A K   F R A M E   E L E M E N T   I N T E R N A L   F O R C E S(local)", 
  Elmnt   .         Nx          Vy         Vz        Txx        Myy        Mzz
     1   max     100.000       0.000    300.000      0.000 360000.000      0.000
     1   min       0.000    -200.000      0.000      0.000     -0.000 -240000.000

L O A D   C A S E   5   O F   6  ... 

N O D E   D I S P L A C E M E N T S  					(global)
  Node    X-dsp       Y-dsp       Z-dsp       X-rot       Y-rot       Z-rot
     2    0.0        -0.748762    0.0         0.0         0.0        -0.000330
F R A M E   E L E M E N T   E N D   F O R C E S				(local)
  Elmnt  Node       Nx          Vy         Vz        Txx        Myy        Mzz
     1      1      0.0       277.136      0.0        0.0        0.0   415703.889
     1      2      0.0         0.0        0.0        0.0        0.0        0.0  
R E A C T I O N S							(global)
  Node        Fx          Fy          Fz         Mxx         Myy         Mzz
     1       0.000     277.136       0.000       0.000       0.000  415703.889
R M S    R E L A T I V E    E Q U I L I B R I U M    E R R O R: 0.000e+00

P E A K   F R A M E   E L E M E N T   I N T E R N A L   F O R C E S(local)", 
  Elmnt   .         Nx          Vy         Vz        Txx        Myy        Mzz
     1   max       0.000       0.000      0.000      0.000      0.000     -0.000
     1   min       0.000    -277.136      0.000      0.000      0.000 -415703.889

L O A D   C A S E   6   O F   6  ... 

N O D E   D I S P L A C E M E N T S  					(global)
  Node    X-dsp       Y-dsp       Z-dsp       X-rot       Y-rot       Z-rot
     1    0.200000   -0.100000    0.050000    0.000100   -0.000200    0.000300
     2    0.200000    0.800000    0.650000    0.000100   -0.000200    0.000300
F R A M E   E L E M E N T   E N D   F O R C E S				(local)
  Elmnt  Node       Nx          Vy         Vz        Txx        Myy        Mzz
     1      1      0.0         0.0        0.0        0.0        0.0        0.0  
     1      2      0.0         0.0        0.0        0.0        0.0        0.0  
R E A C T I O N S							(global)
  Node        Fx          Fy          Fz         Mxx         Myy         Mzz
     1       0.000       0.000       0.000       0.000      -0.000      -0.000
R M S    R E L A T I V E    E Q U I L I B R I U M    E R R O R: 6.367e-17

P E A K   F R A M E   E L E M E N T   I N T E R N A L   F O R C E S(local)", 
  Elmnt   .         Nx          Vy         Vz        Txx        Myy        Mzz
     1   max       0.000      -0.000     -0.000      0.000      0.000      0.000
     1   min       0.000      -0.000     -0.000      0.000     -0.000      0.000

